c:\users\admin\source\repos\dma-cheat-base\build\obj\project-d\debug\project-d.pch
c:\users\admin\source\repos\dma-cheat-base\build\obj\project-d\debug\vc143.pdb
c:\users\admin\source\repos\dma-cheat-base\build\obj\project-d\debug\dma.obj
c:\users\admin\source\repos\dma-cheat-base\build\obj\project-d\debug\aimbot.obj
c:\users\admin\source\repos\dma-cheat-base\build\obj\project-d\debug\esp.obj
c:\users\admin\source\repos\dma-cheat-base\build\obj\project-d\debug\animation.obj
c:\users\admin\source\repos\dma-cheat-base\build\obj\project-d\debug\timer.obj
c:\users\admin\source\repos\dma-cheat-base\build\obj\project-d\debug\overlay.obj
c:\users\admin\source\repos\dma-cheat-base\build\obj\project-d\debug\manager.obj
c:\users\admin\source\repos\dma-cheat-base\build\obj\project-d\debug\main.obj
c:\users\admin\source\repos\dma-cheat-base\build\obj\project-d\debug\pch.obj
c:\users\admin\source\repos\dma-cheat-base\build\obj\project-d\debug\sdk.obj
c:\users\admin\source\repos\dma-cheat-base\build\obj\project-d\debug\vischeck.obj
c:\users\admin\source\repos\dma-cheat-base\build\obj\project-d\debug\parser.obj
c:\users\admin\source\repos\dma-cheat-base\build\obj\project-d\debug\optimizedgeometry.obj
c:\users\admin\source\repos\dma-cheat-base\build\obj\project-d\debug\imgui_widgets.obj
c:\users\admin\source\repos\dma-cheat-base\build\obj\project-d\debug\imgui_tables.obj
c:\users\admin\source\repos\dma-cheat-base\build\obj\project-d\debug\imgui_impl_win32.obj
c:\users\admin\source\repos\dma-cheat-base\build\obj\project-d\debug\imgui_impl_dx11.obj
c:\users\admin\source\repos\dma-cheat-base\build\obj\project-d\debug\imgui_draw.obj
c:\users\admin\source\repos\dma-cheat-base\build\obj\project-d\debug\imgui_demo.obj
c:\users\admin\source\repos\dma-cheat-base\build\obj\project-d\debug\imgui.obj
c:\users\admin\source\repos\dma-cheat-base\build\obj\project-d\debug\imgui_addons.obj
c:\users\admin\source\repos\dma-cheat-base\build\debug\project-d.pdb
c:\users\admin\source\repos\dma-cheat-base\build/obj\project-d\debug\project-d.vcxproj.filelistabsolute.txt
c:\users\admin\source\repos\dma-cheat-base\build\obj\project-d\debug\project-d.tlog\cl.command.1.tlog
c:\users\admin\source\repos\dma-cheat-base\build\obj\project-d\debug\project-d.tlog\cl.read.1.tlog
c:\users\admin\source\repos\dma-cheat-base\build\obj\project-d\debug\project-d.tlog\cl.write.1.tlog
c:\users\admin\source\repos\dma-cheat-base\build\obj\project-d\debug\project-d.tlog\link-cvtres.read.1.tlog
c:\users\admin\source\repos\dma-cheat-base\build\obj\project-d\debug\project-d.tlog\link-cvtres.write.1.tlog
c:\users\admin\source\repos\dma-cheat-base\build\obj\project-d\debug\project-d.tlog\link-rc.read.1.tlog
c:\users\admin\source\repos\dma-cheat-base\build\obj\project-d\debug\project-d.tlog\link-rc.write.1.tlog
c:\users\admin\source\repos\dma-cheat-base\build\obj\project-d\debug\project-d.tlog\link.command.1.tlog
c:\users\admin\source\repos\dma-cheat-base\build\obj\project-d\debug\project-d.tlog\link.read.1.tlog
c:\users\admin\source\repos\dma-cheat-base\build\obj\project-d\debug\project-d.tlog\link.read.2.tlog
c:\users\admin\source\repos\dma-cheat-base\build\obj\project-d\debug\project-d.tlog\link.read.3.tlog
c:\users\admin\source\repos\dma-cheat-base\build\obj\project-d\debug\project-d.tlog\link.read.4.tlog
c:\users\admin\source\repos\dma-cheat-base\build\obj\project-d\debug\project-d.tlog\link.write.1.tlog
